Archive member included to satisfy reference by file (symbol)

/opt/microchip/xc8/v2.46/avr/bin/../lib/gcc/avr/5.4.0/avr5/libgcc.a(_divmodhi4.o)
                              build/default/production/BMS24.o (__divmodhi4)
/opt/microchip/xc8/v2.46/avr/bin/../lib/gcc/avr/5.4.0/avr5/libgcc.a(_copy_data.o)
                              build/default/production/BMS24.o (__do_copy_data)
/opt/microchip/xc8/v2.46/avr/bin/../lib/gcc/avr/5.4.0/avr5/libgcc.a(_udivmodhi4.o)
                              /opt/microchip/xc8/v2.46/avr/bin/../lib/gcc/avr/5.4.0/avr5/libgcc.a(_divmodhi4.o) (__udivmodhi4)
/opt/microchip/xc8/v2.46/avr/bin/../lib/gcc/avr/5.4.0/../../../../avr/lib/avr5/libc.a(exit.o)
                              /opt/microchip/mplabx/v6.20/packs/Microchip/ATmega_DFP/3.1.264/xc8/avr/lib/avr5/crtatmega16m1.o (exit)
/opt/microchip/xc8/v2.46/avr/bin/../lib/gcc/avr/5.4.0/../../../../avr/lib/avr5/libc.a(_Exit.o)
                              /opt/microchip/xc8/v2.46/avr/bin/../lib/gcc/avr/5.4.0/../../../../avr/lib/avr5/libc.a(exit.o) (_Exit)
/opt/microchip/xc8/v2.46/avr/bin/../lib/gcc/avr/5.4.0/avr5/libgcc.a(_exit.o)
                              /opt/microchip/xc8/v2.46/avr/bin/../lib/gcc/avr/5.4.0/../../../../avr/lib/avr5/libc.a(_Exit.o) (_exit)

Discarded input sections

 .data          0x0000000000000000        0x0 /opt/microchip/mplabx/v6.20/packs/Microchip/ATmega_DFP/3.1.264/xc8/avr/lib/avr5/crtatmega16m1.o
 .bss           0x0000000000000000        0x0 /opt/microchip/mplabx/v6.20/packs/Microchip/ATmega_DFP/3.1.264/xc8/avr/lib/avr5/crtatmega16m1.o
 .text          0x0000000000000000        0x0 build/default/production/BMS24.o
 .data          0x0000000000000000        0x0 build/default/production/BMS24.o
 .bss           0x0000000000000000        0x0 build/default/production/BMS24.o
 .text          0x0000000000000000        0x0 /opt/microchip/xc8/v2.46/avr/bin/../lib/gcc/avr/5.4.0/avr5/libgcc.a(_divmodhi4.o)
 .data          0x0000000000000000        0x0 /opt/microchip/xc8/v2.46/avr/bin/../lib/gcc/avr/5.4.0/avr5/libgcc.a(_divmodhi4.o)
 .bss           0x0000000000000000        0x0 /opt/microchip/xc8/v2.46/avr/bin/../lib/gcc/avr/5.4.0/avr5/libgcc.a(_divmodhi4.o)
 .text.libgcc.mul
                0x0000000000000000        0x0 /opt/microchip/xc8/v2.46/avr/bin/../lib/gcc/avr/5.4.0/avr5/libgcc.a(_divmodhi4.o)
 .stack.descriptors
                0x0000000000000000       0x19 /opt/microchip/xc8/v2.46/avr/bin/../lib/gcc/avr/5.4.0/avr5/libgcc.a(_divmodhi4.o)
 .text.libgcc   0x0000000000000000        0x0 /opt/microchip/xc8/v2.46/avr/bin/../lib/gcc/avr/5.4.0/avr5/libgcc.a(_divmodhi4.o)
 .text.libgcc.prologue
                0x0000000000000000        0x0 /opt/microchip/xc8/v2.46/avr/bin/../lib/gcc/avr/5.4.0/avr5/libgcc.a(_divmodhi4.o)
 .text.libgcc.builtins
                0x0000000000000000        0x0 /opt/microchip/xc8/v2.46/avr/bin/../lib/gcc/avr/5.4.0/avr5/libgcc.a(_divmodhi4.o)
 .text.libgcc.fmul
                0x0000000000000000        0x0 /opt/microchip/xc8/v2.46/avr/bin/../lib/gcc/avr/5.4.0/avr5/libgcc.a(_divmodhi4.o)
 .text.libgcc.fixed
                0x0000000000000000        0x0 /opt/microchip/xc8/v2.46/avr/bin/../lib/gcc/avr/5.4.0/avr5/libgcc.a(_divmodhi4.o)
 .text          0x0000000000000000        0x0 /opt/microchip/xc8/v2.46/avr/bin/../lib/gcc/avr/5.4.0/avr5/libgcc.a(_copy_data.o)
 .data          0x0000000000000000        0x0 /opt/microchip/xc8/v2.46/avr/bin/../lib/gcc/avr/5.4.0/avr5/libgcc.a(_copy_data.o)
 .bss           0x0000000000000000        0x0 /opt/microchip/xc8/v2.46/avr/bin/../lib/gcc/avr/5.4.0/avr5/libgcc.a(_copy_data.o)
 .text.libgcc.mul
                0x0000000000000000        0x0 /opt/microchip/xc8/v2.46/avr/bin/../lib/gcc/avr/5.4.0/avr5/libgcc.a(_copy_data.o)
 .text.libgcc.div
                0x0000000000000000        0x0 /opt/microchip/xc8/v2.46/avr/bin/../lib/gcc/avr/5.4.0/avr5/libgcc.a(_copy_data.o)
 .text.libgcc   0x0000000000000000        0x0 /opt/microchip/xc8/v2.46/avr/bin/../lib/gcc/avr/5.4.0/avr5/libgcc.a(_copy_data.o)
 .text.libgcc.prologue
                0x0000000000000000        0x0 /opt/microchip/xc8/v2.46/avr/bin/../lib/gcc/avr/5.4.0/avr5/libgcc.a(_copy_data.o)
 .text.libgcc.builtins
                0x0000000000000000        0x0 /opt/microchip/xc8/v2.46/avr/bin/../lib/gcc/avr/5.4.0/avr5/libgcc.a(_copy_data.o)
 .text.libgcc.fmul
                0x0000000000000000        0x0 /opt/microchip/xc8/v2.46/avr/bin/../lib/gcc/avr/5.4.0/avr5/libgcc.a(_copy_data.o)
 .text.libgcc.fixed
                0x0000000000000000        0x0 /opt/microchip/xc8/v2.46/avr/bin/../lib/gcc/avr/5.4.0/avr5/libgcc.a(_copy_data.o)
 .text          0x0000000000000000        0x0 /opt/microchip/xc8/v2.46/avr/bin/../lib/gcc/avr/5.4.0/avr5/libgcc.a(_udivmodhi4.o)
 .data          0x0000000000000000        0x0 /opt/microchip/xc8/v2.46/avr/bin/../lib/gcc/avr/5.4.0/avr5/libgcc.a(_udivmodhi4.o)
 .bss           0x0000000000000000        0x0 /opt/microchip/xc8/v2.46/avr/bin/../lib/gcc/avr/5.4.0/avr5/libgcc.a(_udivmodhi4.o)
 .text.libgcc.mul
                0x0000000000000000        0x0 /opt/microchip/xc8/v2.46/avr/bin/../lib/gcc/avr/5.4.0/avr5/libgcc.a(_udivmodhi4.o)
 .stack.descriptors
                0x0000000000000000       0x1a /opt/microchip/xc8/v2.46/avr/bin/../lib/gcc/avr/5.4.0/avr5/libgcc.a(_udivmodhi4.o)
 .text.libgcc   0x0000000000000000        0x0 /opt/microchip/xc8/v2.46/avr/bin/../lib/gcc/avr/5.4.0/avr5/libgcc.a(_udivmodhi4.o)
 .text.libgcc.prologue
                0x0000000000000000        0x0 /opt/microchip/xc8/v2.46/avr/bin/../lib/gcc/avr/5.4.0/avr5/libgcc.a(_udivmodhi4.o)
 .text.libgcc.builtins
                0x0000000000000000        0x0 /opt/microchip/xc8/v2.46/avr/bin/../lib/gcc/avr/5.4.0/avr5/libgcc.a(_udivmodhi4.o)
 .text.libgcc.fmul
                0x0000000000000000        0x0 /opt/microchip/xc8/v2.46/avr/bin/../lib/gcc/avr/5.4.0/avr5/libgcc.a(_udivmodhi4.o)
 .text.libgcc.fixed
                0x0000000000000000        0x0 /opt/microchip/xc8/v2.46/avr/bin/../lib/gcc/avr/5.4.0/avr5/libgcc.a(_udivmodhi4.o)
 .text          0x0000000000000000        0x0 /opt/microchip/xc8/v2.46/avr/bin/../lib/gcc/avr/5.4.0/../../../../avr/lib/avr5/libc.a(exit.o)
 .data          0x0000000000000000        0x0 /opt/microchip/xc8/v2.46/avr/bin/../lib/gcc/avr/5.4.0/../../../../avr/lib/avr5/libc.a(exit.o)
 .bss           0x0000000000000000        0x0 /opt/microchip/xc8/v2.46/avr/bin/../lib/gcc/avr/5.4.0/../../../../avr/lib/avr5/libc.a(exit.o)
 .stack.descriptors
                0x0000000000000000       0x73 /opt/microchip/xc8/v2.46/avr/bin/../lib/gcc/avr/5.4.0/../../../../avr/lib/avr5/libc.a(exit.o)
 .text          0x0000000000000000        0x0 /opt/microchip/xc8/v2.46/avr/bin/../lib/gcc/avr/5.4.0/../../../../avr/lib/avr5/libc.a(_Exit.o)
 .data          0x0000000000000000        0x0 /opt/microchip/xc8/v2.46/avr/bin/../lib/gcc/avr/5.4.0/../../../../avr/lib/avr5/libc.a(_Exit.o)
 .bss           0x0000000000000000        0x0 /opt/microchip/xc8/v2.46/avr/bin/../lib/gcc/avr/5.4.0/../../../../avr/lib/avr5/libc.a(_Exit.o)
 .stack.descriptors
                0x0000000000000000       0x13 /opt/microchip/xc8/v2.46/avr/bin/../lib/gcc/avr/5.4.0/../../../../avr/lib/avr5/libc.a(_Exit.o)
 .text          0x0000000000000000        0x0 /opt/microchip/xc8/v2.46/avr/bin/../lib/gcc/avr/5.4.0/avr5/libgcc.a(_exit.o)
 .data          0x0000000000000000        0x0 /opt/microchip/xc8/v2.46/avr/bin/../lib/gcc/avr/5.4.0/avr5/libgcc.a(_exit.o)
 .bss           0x0000000000000000        0x0 /opt/microchip/xc8/v2.46/avr/bin/../lib/gcc/avr/5.4.0/avr5/libgcc.a(_exit.o)
 .text.libgcc.mul
                0x0000000000000000        0x0 /opt/microchip/xc8/v2.46/avr/bin/../lib/gcc/avr/5.4.0/avr5/libgcc.a(_exit.o)
 .text.libgcc.div
                0x0000000000000000        0x0 /opt/microchip/xc8/v2.46/avr/bin/../lib/gcc/avr/5.4.0/avr5/libgcc.a(_exit.o)
 .text.libgcc   0x0000000000000000        0x0 /opt/microchip/xc8/v2.46/avr/bin/../lib/gcc/avr/5.4.0/avr5/libgcc.a(_exit.o)
 .text.libgcc.prologue
                0x0000000000000000        0x0 /opt/microchip/xc8/v2.46/avr/bin/../lib/gcc/avr/5.4.0/avr5/libgcc.a(_exit.o)
 .stack.descriptors
                0x0000000000000000       0x13 /opt/microchip/xc8/v2.46/avr/bin/../lib/gcc/avr/5.4.0/avr5/libgcc.a(_exit.o)
 .text.libgcc.builtins
                0x0000000000000000        0x0 /opt/microchip/xc8/v2.46/avr/bin/../lib/gcc/avr/5.4.0/avr5/libgcc.a(_exit.o)
 .text.libgcc.fmul
                0x0000000000000000        0x0 /opt/microchip/xc8/v2.46/avr/bin/../lib/gcc/avr/5.4.0/avr5/libgcc.a(_exit.o)
 .text.libgcc.fixed
                0x0000000000000000        0x0 /opt/microchip/xc8/v2.46/avr/bin/../lib/gcc/avr/5.4.0/avr5/libgcc.a(_exit.o)

Memory Configuration

Name             Origin             Length             Attributes
text             0x0000000000000000 0x0000000000004000 xr
data             0x0000000000800100 0x0000000000000400 rw !x
eeprom           0x0000000000810000 0x0000000000000200 rw !x
fuse             0x0000000000820000 0x0000000000000003 rw !x
lock             0x0000000000830000 0x0000000000000400 rw !x
signature        0x0000000000840000 0x0000000000000400 rw !x
user_signatures  0x0000000000850000 0x0000000000000400 rw !x
bootrow          0x0000000000860000 0x0000000000000400 rw !x
*default*        0x0000000000000000 0xffffffffffffffff

Linker script and memory map

Address of section .data set to 0x800100
LOAD /opt/microchip/mplabx/v6.20/packs/Microchip/ATmega_DFP/3.1.264/xc8/avr/lib/avr5/crtatmega16m1.o
                0x0000000000000001                __MPLAB_BUILD = 0x1
LOAD build/default/production/BMS24.o
START GROUP
LOAD /opt/microchip/xc8/v2.46/avr/bin/../lib/gcc/avr/5.4.0/../../../../avr/lib/avr5/libm.a
END GROUP
START GROUP
LOAD /opt/microchip/xc8/v2.46/avr/bin/../lib/gcc/avr/5.4.0/avr5/libgcc.a
LOAD /opt/microchip/xc8/v2.46/avr/bin/../lib/gcc/avr/5.4.0/../../../../avr/lib/avr5/libm.a
LOAD /opt/microchip/xc8/v2.46/avr/bin/../lib/gcc/avr/5.4.0/../../../../avr/lib/avr5/libc.a
LOAD /opt/microchip/mplabx/v6.20/packs/Microchip/ATmega_DFP/3.1.264/xc8/avr/lib/avr5/libatmega16m1.a
END GROUP
                0x0000000000000000                __TEXT_REGION_ORIGIN__ = DEFINED (__TEXT_REGION_ORIGIN__)?__TEXT_REGION_ORIGIN__:0x0
                [0x0000000000800100]                __DATA_REGION_ORIGIN__ = DEFINED (__DATA_REGION_ORIGIN__)?__DATA_REGION_ORIGIN__:0x800060
                [0x0000000000004000]                __TEXT_REGION_LENGTH__ = DEFINED (__TEXT_REGION_LENGTH__)?__TEXT_REGION_LENGTH__:0x20000
                [0x0000000000000400]                __DATA_REGION_LENGTH__ = DEFINED (__DATA_REGION_LENGTH__)?__DATA_REGION_LENGTH__:0xffa0
                [0x0000000000000200]                __EEPROM_REGION_LENGTH__ = DEFINED (__EEPROM_REGION_LENGTH__)?__EEPROM_REGION_LENGTH__:0x10000
                [0x0000000000000003]                __FUSE_REGION_LENGTH__ = DEFINED (__FUSE_REGION_LENGTH__)?__FUSE_REGION_LENGTH__:0x400
                0x0000000000000400                __LOCK_REGION_LENGTH__ = DEFINED (__LOCK_REGION_LENGTH__)?__LOCK_REGION_LENGTH__:0x400
                0x0000000000000400                __SIGNATURE_REGION_LENGTH__ = DEFINED (__SIGNATURE_REGION_LENGTH__)?__SIGNATURE_REGION_LENGTH__:0x400
                0x0000000000000400                __USER_SIGNATURE_REGION_LENGTH__ = DEFINED (__USER_SIGNATURE_REGION_LENGTH__)?__USER_SIGNATURE_REGION_LENGTH__:0x400
                0x0000000000000400                __BOOTROW_REGION_LENGTH__ = DEFINED (__BOOTROW_REGION_LENGTH__)?__BOOTROW_REGION_LENGTH__:0x400

.hash
 *(.hash)

.dynsym
 *(.dynsym)

.dynstr
 *(.dynstr)

.gnu.version
 *(.gnu.version)

.gnu.version_d
 *(.gnu.version_d)

.gnu.version_r
 *(.gnu.version_r)

.rel.init
 *(.rel.init)

.rela.init
 *(.rela.init)

.rel.text
 *(.rel.text)
 *(.rel.text.*)
 *(.rel.gnu.linkonce.t*)

.rela.text
 *(.rela.text)
 *(.rela.text.*)
 *(.rela.gnu.linkonce.t*)

.rel.fini
 *(.rel.fini)

.rela.fini
 *(.rela.fini)

.rel.rodata
 *(.rel.rodata)
 *(.rel.rodata.*)
 *(.rel.gnu.linkonce.r*)

.rela.rodata
 *(.rela.rodata)
 *(.rela.rodata.*)
 *(.rela.gnu.linkonce.r*)

.rel.data
 *(.rel.data)
 *(.rel.data.*)
 *(.rel.gnu.linkonce.d*)

.rela.data
 *(.rela.data)
 *(.rela.data.*)
 *(.rela.gnu.linkonce.d*)

.rel.ctors
 *(.rel.ctors)

.rela.ctors
 *(.rela.ctors)

.rel.dtors
 *(.rel.dtors)

.rela.dtors
 *(.rela.dtors)

.rel.got
 *(.rel.got)

.rela.got
 *(.rela.got)

.rel.bss
 *(.rel.bss)

.rela.bss
 *(.rela.bss)

.rel.plt
 *(.rel.plt)

.rela.plt
 *(.rela.plt)

.text           0x0000000000000000       0xe2
 *(.vectors)
 .vectors       0x0000000000000000       0x7c /opt/microchip/mplabx/v6.20/packs/Microchip/ATmega_DFP/3.1.264/xc8/avr/lib/avr5/crtatmega16m1.o
                0x0000000000000000                __vectors
                0x0000000000000000                __vector_default
 *(.vectors)
 *(.progmem.gcc*)
 *(.dinit)
 .dinit         0x000000000000007c       0x11 data_init
                0x000000000000008e                . = ALIGN (0x2)
 *fill*         0x000000000000008d        0x1 
                0x000000000000008e                __trampolines_start = .
 *(.trampolines)
 .trampolines   0x000000000000008e        0x0 linker stubs
 *(.trampolines*)
                0x000000000000008e                __trampolines_end = .
 *libprintf_flt.a:*(.progmem.data)
 *libc.a:*(.progmem.data)
                0x000000000000008e                . = ALIGN (0x2)
 *(.jumptables)
 *(.jumptables*)
 *(.lowtext)
 *(.lowtext*)
                0x000000000000008e                __ctors_start = .
 *(.ctors)
                0x000000000000008e                __ctors_end = .
                0x000000000000008e                __dtors_start = .
 *(.dtors)
                0x000000000000008e                __dtors_end = .
 SORT(*)(.ctors)
 SORT(*)(.dtors)
 *(.init0)
 .init0         0x000000000000008e        0x0 /opt/microchip/mplabx/v6.20/packs/Microchip/ATmega_DFP/3.1.264/xc8/avr/lib/avr5/crtatmega16m1.o
                0x000000000000008e                __init
 *(.init0)
 *(.init1)
 *(.init1)
 *(.init2)
 .init2         0x000000000000008e        0xc /opt/microchip/mplabx/v6.20/packs/Microchip/ATmega_DFP/3.1.264/xc8/avr/lib/avr5/crtatmega16m1.o
 *(.init2)
 *(.init3)
 *(.init3)
 *(.init4)
 .init4         0x000000000000009a       0x3c /opt/microchip/xc8/v2.46/avr/bin/../lib/gcc/avr/5.4.0/avr5/libgcc.a(_copy_data.o)
                0x000000000000009a                __do_copy_data
                0x00000000000000c8                __do_clear_bss
 *(.init4)
 *(.init5)
 *(.init5)
 *(.init6)
 *(.init6)
 *(.init7)
 *(.init7)
 *(.init8)
 *(.init8)
 *(.init9)
 .init9         0x00000000000000d6        0x8 /opt/microchip/mplabx/v6.20/packs/Microchip/ATmega_DFP/3.1.264/xc8/avr/lib/avr5/crtatmega16m1.o
 *(.init9)
                0x00000000000000de                . = ALIGN (0x2)
 *(.fini9)
 .fini9         0x00000000000000de        0x0 /opt/microchip/xc8/v2.46/avr/bin/../lib/gcc/avr/5.4.0/avr5/libgcc.a(_exit.o)
                0x00000000000000de                _exit
 *(.fini9)
 *(.fini8)
 *(.fini8)
 *(.fini7)
 *(.fini7)
 *(.fini6)
 *(.fini6)
 *(.fini5)
 *(.fini5)
 *(.fini4)
 *(.fini4)
 *(.fini3)
 *(.fini3)
 *(.fini2)
 *(.fini2)
 *(.fini1)
 *(.fini1)
 *(.fini0)
 .fini0         0x00000000000000de        0x4 /opt/microchip/xc8/v2.46/avr/bin/../lib/gcc/avr/5.4.0/avr5/libgcc.a(_exit.o)
 *(.fini0)
                0x00000000000000e2                _etext = .

.data           0x0000000000800100        0x0 load address 0x00000000000000e2
                [!provide]                        PROVIDE (__data_start, .)
 *(.gnu.linkonce.d*)
 *(.gnu.linkonce.r*)
                0x0000000000800100                . = ALIGN (0x2)
                0x0000000000800100                _edata = .
                [!provide]                        PROVIDE (__data_end, .)

.bss            0x0000000000800100        0x0
                [!provide]                        PROVIDE (__bss_start, .)
 *(COMMON)
                [!provide]                        PROVIDE (__bss_end, .)
                0x00000000000000e2                __data_load_start = LOADADDR (.data)
                0x00000000000000e2                __data_load_end = (__data_load_start + SIZEOF (.data))

.noinit         0x0000000000800100        0x0
                [!provide]                        PROVIDE (__noinit_start, .)
 *(.noinit*)
                [!provide]                        PROVIDE (__noinit_end, .)
                0x0000000000800100                _end = .

.eeprom         0x0000000000810000        0x0
 *(.eeprom*)
                0x0000000000810000                __eeprom_end = .

.fuse
 *(.fuse)
 *(.lfuse)
 *(.hfuse)
 *(.efuse)

.lock
 *(.lock*)

.signature
 *(.signature*)

.user_signatures
 *(.user_signatures*)

.bootrow
 *(.bootrow*)

.stab
 *(.stab)

.stabstr
 *(.stabstr)

.stab.excl
 *(.stab.excl)

.stab.exclstr
 *(.stab.exclstr)

.stab.index
 *(.stab.index)

.stab.indexstr
 *(.stab.indexstr)

.comment        0x0000000000000000       0x5b
 *(.comment)
 .comment       0x0000000000000000       0x2f build/default/production/BMS24.o
                                         0x30 (size before relaxing)
 .comment       0x000000000000002f       0x2c /opt/microchip/xc8/v2.46/avr/bin/../lib/gcc/avr/5.4.0/../../../../avr/lib/avr5/libc.a(exit.o)
                                         0x2d (size before relaxing)
 .comment       0x000000000000005b       0x2d /opt/microchip/xc8/v2.46/avr/bin/../lib/gcc/avr/5.4.0/../../../../avr/lib/avr5/libc.a(_Exit.o)

.stack.descriptors.hdr
                0x0000000000000000       0x46
 .stack.descriptors.hdr
                0x0000000000000000        0xe /opt/microchip/xc8/v2.46/avr/bin/../lib/gcc/avr/5.4.0/avr5/libgcc.a(_divmodhi4.o)
 .stack.descriptors.hdr
                0x000000000000000e        0xe /opt/microchip/xc8/v2.46/avr/bin/../lib/gcc/avr/5.4.0/avr5/libgcc.a(_udivmodhi4.o)
 .stack.descriptors.hdr
                0x000000000000001c        0xe /opt/microchip/xc8/v2.46/avr/bin/../lib/gcc/avr/5.4.0/../../../../avr/lib/avr5/libc.a(exit.o)
 .stack.descriptors.hdr
                0x000000000000002a        0xe /opt/microchip/xc8/v2.46/avr/bin/../lib/gcc/avr/5.4.0/../../../../avr/lib/avr5/libc.a(_Exit.o)
 .stack.descriptors.hdr
                0x0000000000000038        0xe /opt/microchip/xc8/v2.46/avr/bin/../lib/gcc/avr/5.4.0/avr5/libgcc.a(_exit.o)

.note.GNU-stack
                0x0000000000000000        0x0
 .note.GNU-stack
                0x0000000000000000        0x0 /opt/microchip/xc8/v2.46/avr/bin/../lib/gcc/avr/5.4.0/../../../../avr/lib/avr5/libc.a(exit.o)
 .note.GNU-stack
                0x0000000000000000        0x0 /opt/microchip/xc8/v2.46/avr/bin/../lib/gcc/avr/5.4.0/../../../../avr/lib/avr5/libc.a(_Exit.o)

.note.gnu.build-id
 *(.note.gnu.build-id)

.debug
 *(.debug)

.line
 *(.line)

.debug_srcinfo
 *(.debug_srcinfo)

.debug_sfnames
 *(.debug_sfnames)

.debug_aranges  0x0000000000000000       0x68
 *(.debug_aranges)
 .debug_aranges
                0x0000000000000000       0x68 build/default/production/BMS24.o

.debug_pubnames
 *(.debug_pubnames)

.debug_info     0x0000000000000000     0x1c9c
 *(.debug_info .gnu.linkonce.wi.*)
 .debug_info    0x0000000000000000      0xa40 /opt/microchip/mplabx/v6.20/packs/Microchip/ATmega_DFP/3.1.264/xc8/avr/lib/avr5/crtatmega16m1.o
 .debug_info    0x0000000000000a40     0x125c build/default/production/BMS24.o

.debug_abbrev   0x0000000000000000      0xc90
 *(.debug_abbrev)
 .debug_abbrev  0x0000000000000000      0x9b2 /opt/microchip/mplabx/v6.20/packs/Microchip/ATmega_DFP/3.1.264/xc8/avr/lib/avr5/crtatmega16m1.o
 .debug_abbrev  0x00000000000009b2      0x2de build/default/production/BMS24.o

.debug_line     0x0000000000000000      0xb0c
 *(.debug_line .debug_line.* .debug_line_end)
 .debug_line    0x0000000000000000      0x151 /opt/microchip/mplabx/v6.20/packs/Microchip/ATmega_DFP/3.1.264/xc8/avr/lib/avr5/crtatmega16m1.o
 .debug_line    0x0000000000000151      0x9bb build/default/production/BMS24.o

.debug_frame    0x0000000000000000      0x13c
 *(.debug_frame)
 .debug_frame   0x0000000000000000      0x13c build/default/production/BMS24.o

.debug_str      0x0000000000000000      0x402
 *(.debug_str)
 .debug_str     0x0000000000000000      0x3d0 /opt/microchip/mplabx/v6.20/packs/Microchip/ATmega_DFP/3.1.264/xc8/avr/lib/avr5/crtatmega16m1.o
 .debug_str     0x00000000000003d0       0x32 build/default/production/BMS24.o

.debug_loc      0x0000000000000000      0xb27
 *(.debug_loc)
 .debug_loc     0x0000000000000000      0xb27 build/default/production/BMS24.o

.debug_macinfo
 *(.debug_macinfo)

.debug_weaknames
 *(.debug_weaknames)

.debug_funcnames
 *(.debug_funcnames)

.debug_typenames
 *(.debug_typenames)

.debug_varnames
 *(.debug_varnames)

.debug_pubtypes
 *(.debug_pubtypes)

.debug_ranges   0x0000000000000000       0xc0
 *(.debug_ranges)
 .debug_ranges  0x0000000000000000       0xc0 build/default/production/BMS24.o

.debug_macro
 *(.debug_macro)
OUTPUT(dist/default/production/BMS_slave.X.production.elf elf32-avr)
LOAD linker stubs
LOAD data_init

.note.gnu.avr.deviceinfo
                0x0000000000000000       0x40
 .note.gnu.avr.deviceinfo
                0x0000000000000000       0x40 /opt/microchip/mplabx/v6.20/packs/Microchip/ATmega_DFP/3.1.264/xc8/avr/lib/avr5/crtatmega16m1.o

.bss.shuntBits  0x000000000080016a        0x4
 .bss.shuntBits
                0x000000000080016a        0x4 build/default/production/BMS24.o
                0x000000000080016a                shuntBits

.bss.shuntVoltage
                0x000000000080016e        0x2
 .bss.shuntVoltage
                0x000000000080016e        0x2 build/default/production/BMS24.o
                0x000000000080016e                shuntVoltage

.bss.voltage    0x0000000000800100       0x30
 .bss.voltage   0x0000000000800100       0x30 build/default/production/BMS24.o
                0x0000000000800100                voltage

.bss.temp       0x000000000080015a        0x8
 .bss.temp      0x000000000080015a        0x8 build/default/production/BMS24.o
                0x000000000080015a                temp

.bss.commsTimer
                0x0000000000800170        0x2
 .bss.commsTimer
                0x0000000000800170        0x2 build/default/production/BMS24.o
                0x0000000000800170                commsTimer

.bss.moduleID   0x0000000000800172        0x2
 .bss.moduleID  0x0000000000800172        0x2 build/default/production/BMS24.o
                0x0000000000800172                moduleID

.bss.dataRequestedH
                0x0000000000800174        0x1
 .bss.dataRequestedH
                0x0000000000800174        0x1 build/default/production/BMS24.o
                0x0000000000800174                dataRequestedH

.bss.dataRequestedL
                0x0000000000800175        0x1
 .bss.dataRequestedL
                0x0000000000800175        0x1 build/default/production/BMS24.o
                0x0000000000800175                dataRequestedL

.bss.txData     0x0000000000800162        0x8
 .bss.txData    0x0000000000800162        0x8 build/default/production/BMS24.o
                0x0000000000800162                txData

.text.main      0x00000000000000e2      0x842
 .text.main     0x00000000000000e2      0x842 build/default/production/BMS24.o
                0x00000000000000e2                main

.text.__vector_18
                0x0000000000000924      0x18e
 .text.__vector_18
                0x0000000000000924      0x18e build/default/production/BMS24.o
                0x0000000000000924                __vector_18

.text.CanTX     0x0000000000000ab2       0xd4
 .text.CanTX    0x0000000000000ab2       0xd4 build/default/production/BMS24.o
                0x0000000000000ab2                CanTX

.text.SetupPorts
                0x0000000000000b86       0x8c
 .text.SetupPorts
                0x0000000000000b86       0x8c build/default/production/BMS24.o
                0x0000000000000b86                SetupPorts

.text.LineariseTemp
                0x0000000000000c12       0x7a
 .text.LineariseTemp
                0x0000000000000c12       0x7a build/default/production/BMS24.o
                0x0000000000000c12                LineariseTemp

.text.GetModuleID
                0x0000000000000c8c       0x46
 .text.GetModuleID
                0x0000000000000c8c       0x46 build/default/production/BMS24.o
                0x0000000000000c8c                GetModuleID

.text.WriteSPIByte
                0x0000000000000cd2       0x2e
 .text.WriteSPIByte
                0x0000000000000cd2       0x2e build/default/production/BMS24.o
                0x0000000000000cd2                WriteSPIByte

.text.WriteSPIByte2
                0x0000000000000d00       0x2e
 .text.WriteSPIByte2
                0x0000000000000d00       0x2e build/default/production/BMS24.o
                0x0000000000000d00                WriteSPIByte2

.text.libgcc.div
                0x0000000000000d2e       0x28
 .text.libgcc.div
                0x0000000000000d2e       0x28 /opt/microchip/xc8/v2.46/avr/bin/../lib/gcc/avr/5.4.0/avr5/libgcc.a(_divmodhi4.o)
                0x0000000000000d2e                __divmodhi4
                0x0000000000000d2e                _div

.text.libgcc.div
                0x0000000000000d56       0x28
 .text.libgcc.div
                0x0000000000000d56       0x28 /opt/microchip/xc8/v2.46/avr/bin/../lib/gcc/avr/5.4.0/avr5/libgcc.a(_udivmodhi4.o)
                0x0000000000000d56                __udivmodhi4

.text.ReadSPIByte
                0x0000000000000d7e       0x1e
 .text.ReadSPIByte
                0x0000000000000d7e       0x1e build/default/production/BMS24.o
                0x0000000000000d7e                ReadSPIByte

.text.ReadSPIByte2
                0x0000000000000d9c       0x1e
 .text.ReadSPIByte2
                0x0000000000000d9c       0x1e build/default/production/BMS24.o
                0x0000000000000d9c                ReadSPIByte2

.text.exit      0x0000000000000dba       0x16
 .text.exit     0x0000000000000dba       0x16 /opt/microchip/xc8/v2.46/avr/bin/../lib/gcc/avr/5.4.0/../../../../avr/lib/avr5/libc.a(exit.o)
                0x0000000000000dba                exit

.text           0x0000000000000dd0        0x4
 .text          0x0000000000000dd0        0x4 /opt/microchip/mplabx/v6.20/packs/Microchip/ATmega_DFP/3.1.264/xc8/avr/lib/avr5/crtatmega16m1.o
                0x0000000000000dd0                __vector_22
                0x0000000000000dd0                __vector_28
                0x0000000000000dd0                __vector_1
                0x0000000000000dd0                __vector_24
                0x0000000000000dd0                __vector_12
                0x0000000000000dd0                __bad_interrupt
                0x0000000000000dd0                __vector_6
                0x0000000000000dd0                __vector_3
                0x0000000000000dd0                __vector_23
                0x0000000000000dd0                __vector_30
                0x0000000000000dd0                __vector_25
                0x0000000000000dd0                __vector_11
                0x0000000000000dd0                __vector_13
                0x0000000000000dd0                __vector_17
                0x0000000000000dd0                __vector_19
                0x0000000000000dd0                __vector_7
                0x0000000000000dd0                __vector_27
                0x0000000000000dd0                __vector_5
                0x0000000000000dd0                __vector_4
                0x0000000000000dd0                __vector_9
                0x0000000000000dd0                __vector_2
                0x0000000000000dd0                __vector_21
                0x0000000000000dd0                __vector_15
                0x0000000000000dd0                __vector_29
                0x0000000000000dd0                __vector_8
                0x0000000000000dd0                __vector_26
                0x0000000000000dd0                __vector_14
                0x0000000000000dd0                __vector_10
                0x0000000000000dd0                __vector_16
                0x0000000000000dd0                __vector_20

.text._Exit     0x0000000000000dd4        0x4
 .text._Exit    0x0000000000000dd4        0x4 /opt/microchip/xc8/v2.46/avr/bin/../lib/gcc/avr/5.4.0/../../../../avr/lib/avr5/libc.a(_Exit.o)
                0x0000000000000dd4                _Exit

.text.__dummy_fini
                0x0000000000000dd8        0x2
 .text.__dummy_fini
                0x0000000000000dd8        0x2 /opt/microchip/xc8/v2.46/avr/bin/../lib/gcc/avr/5.4.0/../../../../avr/lib/avr5/libc.a(exit.o)
                0x0000000000000dd8                _fini

.text.__dummy_funcs_on_exit
                0x0000000000000dda        0x2
 .text.__dummy_funcs_on_exit
                0x0000000000000dda        0x2 /opt/microchip/xc8/v2.46/avr/bin/../lib/gcc/avr/5.4.0/../../../../avr/lib/avr5/libc.a(exit.o)
                0x0000000000000dda                __funcs_on_exit

.text.__dummy_simulator_exit
                0x0000000000000ddc        0x2
 .text.__dummy_simulator_exit
                0x0000000000000ddc        0x2 /opt/microchip/xc8/v2.46/avr/bin/../lib/gcc/avr/5.4.0/../../../../avr/lib/avr5/libc.a(exit.o)
                0x0000000000000ddc                __simulator_exit

.data.tempData  0x0000000000800130       0x2a load address 0x0000000000000dde
 .data.tempData
                0x0000000000800130       0x2a build/default/production/BMS24.o
                0x0000000000800130                tempData
